// Jest Snapshot v1, https://goo.gl/fbAQLP

exports[`About component matches snapshot Dom node structure 1`] = `
<DocumentFragment>
  <section
    class="mx-5"
  >
    <h1
      id="about"
    >
      Who am I?!
    </h1>
    <img
      alt="cover"
      class="mx-2"
      src="cover-image.jpg"
      style="width: 100%;"
    />
  </section>
</DocumentFragment>
`;
